cargo :    Compiling http v1.4.0
所在位置 行:1 字符: 1
+ cargo build --package cyrene_music_tauri --manifest-path "D:\work\cyr ...
+ ~~~~~~~~~~~~~~~~~~~~~~~~~~~~~~~~~~~~~~~~~~~~~~~~~~~~~~~~~~~~~~~~~~~~~
    + CategoryInfo          : NotSpecified: (   Compiling http v1.4.0:String) [], RemoteException
    + FullyQualifiedErrorId : NativeCommandError
 
   Compiling icu_provider v2.1.1
   Compiling tokio v1.49.0
   Compiling combine v4.6.7
   Compiling ring v0.17.14
   Compiling markup5ever v0.14.1
   Compiling indexmap v2.13.0
   Compiling walkdir v2.5.0
   Compiling selectors v0.24.0
   Compiling rustls-pki-types v1.14.0
   Compiling toml v0.9.12+spec-1.1.0
   Compiling infer v0.19.0
   Compiling json-patch v3.0.1
   Compiling brotli v8.0.2
   Compiling serde-untagged v0.1.9
   Compiling crossbeam-channel v0.5.15
   Compiling serde_with v3.16.1
   Compiling getrandom v0.2.17
   Compiling cpufeatures v0.2.17
   Compiling dunce v1.0.5
   Compiling glob v0.3.3
   Compiling untrusted v0.9.0
   Compiling iri-string v0.7.10
   Compiling semver v1.0.27
warning: ring@0.17.14: Compiler family detection failed due to error: ToolNotFound: failed to find tool "aarch64-linux-
android-clang": program not found (see https://docs.rs/cc/latest/cc/#compile-time-requirements for help)
warning: ring@0.17.14: Compiler family detection failed due to error: ToolNotFound: failed to find tool "aarch64-linux-
android-clang": program not found (see https://docs.rs/cc/latest/cc/#compile-time-requirements for help)
error: failed to run custom build command for `ring v0.17.14`

Caused by:
  process didn't exit successfully: `D:\work\cyrene_music_tauri\src-tauri\target\debug\build\ring-b51206f2436d6312\buil
d-script-build` (exit code: 1)
  --- stdout
  cargo:rerun-if-env-changed=CARGO_MANIFEST_DIR
  cargo:rerun-if-env-changed=CARGO_PKG_NAME
  cargo:rerun-if-env-changed=CARGO_PKG_VERSION_MAJOR
  cargo:rerun-if-env-changed=CARGO_PKG_VERSION_MINOR
  cargo:rerun-if-env-changed=CARGO_PKG_VERSION_PATCH
  cargo:rerun-if-env-changed=CARGO_PKG_VERSION_PRE
  cargo:rerun-if-env-changed=CARGO_MANIFEST_LINKS
  cargo:rerun-if-env-changed=RING_PREGENERATE_ASM
  cargo:rerun-if-env-changed=OUT_DIR
  cargo:rerun-if-env-changed=CARGO_CFG_TARGET_ARCH
  cargo:rerun-if-env-changed=CARGO_CFG_TARGET_OS
  cargo:rerun-if-env-changed=CARGO_CFG_TARGET_ENV
  cargo:rerun-if-env-changed=CARGO_CFG_TARGET_ENDIAN
  OPT_LEVEL = Some(0)
  OUT_DIR = Some(D:\work\cyrene_music_tauri\src-tauri\target\aarch64-linux-android\debug\build\ring-2a4ed5efe3b2ba2c\ou
t)
  TARGET = Some(aarch64-linux-android)
  CARGO_ENCODED_RUSTFLAGS = Some()
  HOST = Some(x86_64-pc-windows-msvc)
  cargo:rerun-if-env-changed=CC_aarch64-linux-android
  CC_aarch64-linux-android = None
  cargo:rerun-if-env-changed=CC_aarch64_linux_android
  CC_aarch64_linux_android = None
  cargo:rerun-if-env-changed=TARGET_CC
  TARGET_CC = None
  cargo:rerun-if-env-changed=CC
  CC = None
  cargo:rerun-if-env-changed=CC_ENABLE_DEBUG_OUTPUT
  cargo:warning=Compiler family detection failed due to error: ToolNotFound: failed to find tool "aarch64-linux-android
-clang": program not found (see https://docs.rs/cc/latest/cc/#compile-time-requirements for help)
  RUSTC_WRAPPER = None
  cargo:rerun-if-env-changed=CRATE_CC_NO_DEFAULTS
  CRATE_CC_NO_DEFAULTS = None
  DEBUG = Some(true)
  cargo:rerun-if-env-changed=CFLAGS
  CFLAGS = None
  cargo:rerun-if-env-changed=TARGET_CFLAGS
  TARGET_CFLAGS = None
  cargo:rerun-if-env-changed=CFLAGS_aarch64_linux_android
  CFLAGS_aarch64_linux_android = None
  cargo:rerun-if-env-changed=CFLAGS_aarch64-linux-android
  CFLAGS_aarch64-linux-android = None
  cargo:warning=Compiler family detection failed due to error: ToolNotFound: failed to find tool "aarch64-linux-android
-clang": program not found (see https://docs.rs/cc/latest/cc/#compile-time-requirements for help)

  --- stderr


  error occurred in cc-rs: failed to find tool "clang.exe": program not found (see https://docs.rs/cc/latest/cc/#compil
e-time-requirements for help)


warning: build failed, waiting for other jobs to finish...
